[serve] Starting bootstrap
[serve] Using /home/achtsnits/github/versioneer-tech/package-r/.vscode/package-r.db for state
[serve] Using data as the S3 root
[serve] rclone VFS object-storage settings detected
[serve] Initialized packageR database
[serve] Changing allowed
[serve] Applying packageR configuration
2026/09/26 19:49:54 Using database: /home/achtsnits/github/versioneer-tech/package-r/.vscode/package-r.db
[serve] packageR configuration applied
[serve] Using SERVE_PACKAGE_R_PASSWORD for bootstrap users
[serve] Ensuring default user exists: admin
[serve] Default user ready: admin
[serve] Processing 1 default share(s) for owner admin
[serve] Ensuring default share exists: hash=my-share path=/catalog-sample owner=admin
2026/09/26 19:49:54 Using database: /home/achtsnits/github/versioneer-tech/package-r/.vscode/package-r.db
[serve] Default share ready: my-share -> /catalog-sample
[serve] Default shares processed
[serve] Listing configured shares
2026/09/26 19:49:54 Using database: /home/achtsnits/github/versioneer-tech/package-r/.vscode/package-r.db
Hash      Path             User ID  Expire  Description
my-share  /catalog-sample  1        0       default share  
[serve] Configured shares listed
[serve] Bootstrap complete
[serve] Starting packageR on port 18888
2026/09/26 19:49:54 Using database: /home/achtsnits/github/versioneer-tech/package-r/.vscode/package-r.db
2026/09/26 19:49:54 No config file used
2026/09/26 19:49:54 Using native rclone object storage; command execution is disabled
2026/09/26 19:49:54 Listening on 127.0.0.1:18888
2026/09/26 19:49:54 Caught signal terminated: shutting down.
